15:46:50 **** Build of configuration Debug for project neural_test_bsp_xgpio_example_1 ****
make pre-build main-build 
a9-linaro-pre-build-step
' '
'Building file: ../src/xgpio_example.c'
'Invoking: ARM v7 gcc compiler'
arm-none-eabi-gcc -Wall -O0 -g3 -c -fmessage-length=0 -MT"src/xgpio_example.o" -mcpu=cortex-a9 -mfpu=vfpv3 -mfloat-abi=hard -I../../neural_test_bsp/ps7_cortexa9_0/include -MMD -MP -MF"src/xgpio_example.d" -MT"src/xgpio_example.o" -o "src/xgpio_example.o" "../src/xgpio_example.c"
'Finished building: ../src/xgpio_example.c'
' '
'Building target: neural_test_bsp_xgpio_example_1.elf'
'Invoking: ARM v7 gcc linker'
arm-none-eabi-gcc -mcpu=cortex-a9 -mfpu=vfpv3 -mfloat-abi=hard -Wl,-build-id=none -specs=Xilinx.spec -Wl,-T -Wl,../src/lscript.ld -L../../neural_test_bsp/ps7_cortexa9_0/lib -o "neural_test_bsp_xgpio_example_1.elf"  ./src/xgpio_example.o   -Wl,--start-group,-lxil,-lgcc,-lc,--end-group
'Finished building target: neural_test_bsp_xgpio_example_1.elf'
' '
'Invoking: ARM v7 Print Size'
arm-none-eabi-size neural_test_bsp_xgpio_example_1.elf  |tee "neural_test_bsp_xgpio_example_1.elf.size"
   text	   data	    bss	    dec	    hex	filename
  23776	   1188	  22600	  47564	   b9cc	neural_test_bsp_xgpio_example_1.elf
'Finished building: neural_test_bsp_xgpio_example_1.elf.size'
' '

15:46:54 Build Finished (took 4s.1ms)

