15:46:37 **** Build of configuration Debug for project neural_test ****
make pre-build main-build 
a9-linaro-pre-build-step
' '
'Building file: ../calculateOutputVal.c'
'Invoking: ARM v7 gcc compiler'
arm-none-eabi-gcc -Wall -O0 -g3 -c -fmessage-length=0 -MT"calculateOutputVal.o" -mcpu=cortex-a9 -mfpu=vfpv3 -mfloat-abi=hard -I../../neural_test_bsp/ps7_cortexa9_0/include -MMD -MP -MF"calculateOutputVal.d" -MT"calculateOutputVal.o" -o "calculateOutputVal.o" "../calculateOutputVal.c"
'Finished building: ../calculateOutputVal.c'
' '
'Building file: ../main.c'
'Invoking: ARM v7 gcc compiler'
arm-none-eabi-gcc -Wall -O0 -g3 -c -fmessage-length=0 -MT"main.o" -mcpu=cortex-a9 -mfpu=vfpv3 -mfloat-abi=hard -I../../neural_test_bsp/ps7_cortexa9_0/include -MMD -MP -MF"main.d" -MT"main.o" -o "main.o" "../main.c"
'Finished building: ../main.c'
' '
'Building file: ../platform.c'
'Invoking: ARM v7 gcc compiler'
arm-none-eabi-gcc -Wall -O0 -g3 -c -fmessage-length=0 -MT"platform.o" -mcpu=cortex-a9 -mfpu=vfpv3 -mfloat-abi=hard -I../../neural_test_bsp/ps7_cortexa9_0/include -MMD -MP -MF"platform.d" -MT"platform.o" -o "platform.o" "../platform.c"
'Finished building: ../platform.c'
' '
'Building target: neural_test.elf'
'Invoking: ARM v7 gcc linker'
arm-none-eabi-gcc -mcpu=cortex-a9 -mfpu=vfpv3 -mfloat-abi=hard -Wl,-build-id=none -specs=Xilinx.spec -Wl,-T -Wl,../src/lscript.ld -L../../neural_test_bsp/ps7_cortexa9_0/lib -o "neural_test.elf"  ./calculateOutputVal.o ./main.o ./platform.o   -Wl,--start-group,-lxil,-lgcc,-lc,--end-group
'Finished building target: neural_test.elf'
' '
'Invoking: ARM v7 Print Size'
arm-none-eabi-size neural_test.elf  |tee "neural_test.elf.size"
   text	   data	    bss	    dec	    hex	filename
  26364	   1148	  22568	  50080	   c3a0	neural_test.elf
'Finished building: neural_test.elf.size'
' '

15:46:44 Build Finished (took 6s.754ms)

